0000     00B71B00      Frequency 12000000 Hz
0004     00            RCFast
0005     8E            Check Sum
0006     0010          Base of Program
0008     0074          Base of Variables
000A     0080          Base of Stack
000C     0028          Initial Program Counter
000E     0088          Initial Stack Pointer
                       File "time.spin"
0010     0064 0006     Link to Next Object
0014     0018 0000     Link to PUB Sleep(secs)
0018     0029 0000     Link to PUB MSleep(msecs)
001C     003E 0000     Link to PUB USleep(usecs)
0020     0054 0000     Link to PUB SetSync
0024     0058 0000     Link to PUB WaitForSync(secs)
0028                   PUB Sleep(secs)
0028                       waitcnt(((clkfreq * secs - 3016) #> WMIN) + cnt)
0028     35            ; Push_0
0029     C0            ; Push_MainMem_Long
002A     64            ; Push_LocalMem_Long_1
002B     F4            ; Multiply
002C     39 0BC8       ; Push_Word_Lit, $0BC8
002F     ED            ; Subtract
0030     39 017D       ; Push_Word_Lit, $017D
0033     E4            ; Limit_Min
0034     3F 91 EC      ; Memory_Op, $11EC
0037     23            ; Waitcnt
0038     32            ; Return
0039                   PUB MSleep(msecs)
0039                       waitcnt(((clkfreq / 1_000 * msecs - 3932) #> WMIN) + cnt)
0039     35            ; Push_0
003A     C0            ; Push_MainMem_Long
003B     39 03E8       ; Push_Word_Lit, $03E8
003E     F6            ; Divide
003F     64            ; Push_LocalMem_Long_1
0040     F4            ; Multiply
0041     39 0F5C       ; Push_Word_Lit, $0F5C
0044     ED            ; Subtract
0045     39 017D       ; Push_Word_Lit, $017D
0048     E4            ; Limit_Min
0049     3F 91 EC      ; Memory_Op, $11EC
004C     23            ; Waitcnt
004D     32            ; Return
004E                   PUB USleep(usecs)
004E                       waitcnt(((clkfreq / 1_000_000 * usecs - 3928) #> WMIN) + cnt)
004E     35            ; Push_0
004F     C0            ; Push_MainMem_Long
0050     3A 0F4240     ; Push_Mid_Lit, $0F4240
0054     F6            ; Divide
0055     64            ; Push_LocalMem_Long_1
0056     F4            ; Multiply
0057     39 0F58       ; Push_Word_Lit, $0F58
005A     ED            ; Subtract
005B     39 017D       ; Push_Word_Lit, $017D
005E     E4            ; Limit_Min
005F     3F 91 EC      ; Memory_Op, $11EC
0062     23            ; Waitcnt
0063     32            ; Return
0064                   PUB SetSync
0064                       sync := cnt
0064     3F 91 41      ; Memory_Op, $1141
0067     32            ; Return
0068                   PUB WaitForSync(secs)
0068                       waitcnt(sync += ((clkfreq * secs) #> WMIN))
0068     35            ; Push_0
0069     C0            ; Push_MainMem_Long
006A     64            ; Push_LocalMem_Long_1
006B     F4            ; Multiply
006C     39 017D       ; Push_Word_Lit, $017D
006F     E4            ; Limit_Min
0070     42 CC         ; Effect_VariableMem_Long_0, Add, swap
0072     23            ; Waitcnt
0073     32            ; Return
                       Variables for TOP (time.spin)
0074     0000          long SYNC
0078                   Reserved 8 bytes.
0080                   Base of stack.
0090                   Top of stack.
